[smkyadika3jakarta.e-ujian.id/main/student_login.html]
[backblue.gif]
[fade.gif]
[index.html]
[smkyadika3jakarta.e-ujian.id/assets/app-assets/img/favicon.png]
[smkyadika3jakarta.e-ujian.id/assets/app-assets/template/cbt-malela/bootstrap/css/bootstrap.min.css]
[smkyadika3jakarta.e-ujian.id/assets/app-assets/template/cbt-malela/assets/css/plugins.css]
[smkyadika3jakarta.e-ujian.id/assets/app-assets/template/cbt-malela/assets/css/authentication/form-1.css]
[cdnjs.cloudflare.com/ajax/libs/font-awesome/5.15.1/css/all.min.css]
[smkyadika3jakarta.e-ujian.id/assets/app-assets/template/cbt-malela/assets/css/forms/theme-checkbox-radio.css]
[smkyadika3jakarta.e-ujian.id/assets/app-assets/template/cbt-malela/assets/css/forms/switches.css]
[smkyadika3jakarta.e-ujian.id/assets/app-assets/template/cbt-malela/plugins/sweetalerts/sweetalert2.min.css]
[smkyadika3jakarta.e-ujian.id/assets/app-assets/template/cbt-malela/plugins/sweetalerts/sweetalert.css]
[smkyadika3jakarta.e-ujian.id/assets/app-assets/template/cbt-malela/plugins/sweetalerts/sweetalert2.min.js]
[smkyadika3jakarta.e-ujian.id/assets/app-assets/template/cbt-malela/plugins/sweetalerts/custom-sweetalert.js]
[smkyadika3jakarta.e-ujian.id/assets/app-assets/template/cbt-malela/assets/js/libs/jquery-3.1.1.min.js]
[smkyadika3jakarta.e-ujian.id/assets/app-assets/template/cbt-malela/bootstrap/js/popper.min.js]
[smkyadika3jakarta.e-ujian.id/assets/app-assets/template/cbt-malela/bootstrap/js/bootstrap.min.js]
[smkyadika3jakarta.e-ujian.id/assets/app-assets/template/cbt-malela/assets/js/authentication/form-1.js]
[smkyadika3jakarta.e-ujian.id/main/student_login.html]
[smkyadika3jakarta.e-ujian.id/assets/app-assets/template/cbt-malela/bootstrap/css/bootstrap.min.css]
[smkyadika3jakarta.e-ujian.id/cdn-cgi/scripts/7d0fa10a/cloudflare-static/rocket-loader.min.js]
[smkyadika3jakarta.e-ujian.id/assets/app-assets/template/cbt-malela/assets/css/main.css]
[smkyadika3jakarta.e-ujian.id/assets/app-assets/template/cbt-malela/plugins/perfect-scrollbar/perfect-scrollbar.css]
[smkyadika3jakarta.e-ujian.id/assets/app-assets/template/cbt-malela/assets/css/structure.css]
[smkyadika3jakarta.e-ujian.id/assets/app-assets/template/cbt-malela/assets/css/plugins.css]
[smkyadika3jakarta.e-ujian.id/assets/app-assets/template/cbt-malela/assets/css/authentication/form-1.css]
[cdnjs.cloudflare.com/ajax/libs/font-awesome/5.15.1/css/all.min.css]
[smkyadika3jakarta.e-ujian.id/assets/app-assets/template/cbt-malela/assets/css/forms/theme-checkbox-radio.css]
[smkyadika3jakarta.e-ujian.id/assets/app-assets/template/cbt-malela/assets/css/forms/switches.css]
[smkyadika3jakarta.e-ujian.id/assets/app-assets/template/cbt-malela/plugins/sweetalerts/sweetalert2.min.css]
[smkyadika3jakarta.e-ujian.id/assets/app-assets/template/cbt-malela/plugins/sweetalerts/sweetalert.css]
[smkyadika3jakarta.e-ujian.id/assets/app-assets/template/cbt-malela/plugins/highlight/styles/monokai-sublime.css]
[smkyadika3jakarta.e-ujian.id/assets/app-assets/template/cbt-malela/assets/css/main.css]
[smkyadika3jakarta.e-ujian.id/assets/app-assets/template/cbt-malela/plugins/perfect-scrollbar/perfect-scrollbar.css]
[smkyadika3jakarta.e-ujian.id/assets/app-assets/template/cbt-malela/assets/img/arrow-down.png]
[smkyadika3jakarta.e-ujian.id/assets/app-assets/template/cbt-malela/assets/css/structure.css]
[smkyadika3jakarta.e-ujian.id/assets/app-assets/template/cbt-malela/plugins/highlight/styles/monokai-sublime.css]
[smkyadika3jakarta.e-ujian.id/assets/app-assets/template/cbt-malela/assets/img/01.jpg]
